<?xml version="1.0" encoding="UTF-8"?>
<testsuites name="jest tests" tests="2" failures="0" errors="0" time="1.854">
  <testsuite name="undefined" errors="0" failures="0" skipped="0" timestamp="2023-10-26T14:38:14" time="1" tests="1">
    <testcase classname=" renders learn react link" name=" renders learn react link" time="0.028">
    </testcase>
  </testsuite>
  <testsuite name="useAuth hook" errors="0" failures="0" skipped="0" timestamp="2023-10-26T14:38:15" time="0.086" tests="1">
    <testcase classname="useAuth hook should toggle values" name="useAuth hook should toggle values" time="0.005">
    </testcase>
  </testsuite>
</testsuites>